[INFO] Scanning for projects...
[INFO] 
[INFO] -----------------------< com.nmit:duty-exchange >-----------------------
[INFO] Building duty-exchange 0.0.1-SNAPSHOT
[INFO]   from pom.xml
[INFO] --------------------------------[ jar ]---------------------------------
[INFO] 
[INFO] --- resources:3.3.1:resources (default-resources) @ duty-exchange ---
[INFO] Copying 1 resource from src\main\resources to target\classes
[INFO] Copying 0 resource from src\main\resources to target\classes
[INFO] 
[INFO] --- compiler:3.14.1:compile (default-compile) @ duty-exchange ---
[INFO] Nothing to compile - all classes are up to date.
[INFO] 
[INFO] --- resources:3.3.1:testResources (default-testResources) @ duty-exchange ---
[INFO] skip non existing resourceDirectory C:\Users\anilk\Desktop\module5\backend\src\test\resources
[INFO] 
[INFO] --- compiler:3.14.1:testCompile (default-testCompile) @ duty-exchange ---
[INFO] Nothing to compile - all classes are up to date.
[INFO] 
[INFO] --- surefire:3.5.4:test (default-test) @ duty-exchange ---
[INFO] Using auto detected provider org.apache.maven.surefire.junitplatform.JUnitPlatformProvider
[INFO] 
[INFO] -------------------------------------------------------
[INFO]  T E S T S
[INFO] -------------------------------------------------------
[INFO] Running com.nmit.dutyexchange.service.PdfGenerationServiceTest
PDF generated successfully: test-duty-exchange.pdf
PDF generated successfully: test-duty-exchange-see.pdf
[INFO] Tests run: 2, Failures: 0, Errors: 0, Skipped: 0, Time elapsed: 0.346 s -- in com.nmit.dutyexchange.service.PdfGenerationServiceTest
[INFO] 
[INFO] Results:
[INFO] 
[INFO] Tests run: 2, Failures: 0, Errors: 0, Skipped: 0
[INFO] 
[INFO] ------------------------------------------------------------------------
[INFO] BUILD SUCCESS
[INFO] ------------------------------------------------------------------------
[INFO] Total time:  2.968 s
[INFO] Finished at: 2026-04-14T19:28:43+05:30
[INFO] ------------------------------------------------------------------------
